
==========================================================================
Post synthesis report_tns
--------------------------------------------------------------------------
tns max -331849.34

==========================================================================
Post synthesis report_wns
--------------------------------------------------------------------------
wns max -515.53

==========================================================================
Post synthesis report_worst_slack
--------------------------------------------------------------------------
worst slack max -515.53

==========================================================================
Post synthesis report_clock_min_period
--------------------------------------------------------------------------
clk period_min = 915.53 fmax = 1092.26

==========================================================================
Post synthesis report_checks -path_delay min
--------------------------------------------------------------------------
Startpoint: rst_n (input port clocked by clk)
Endpoint: u_accelerator.state[0]$_DFF_PN1_
          (removal check against rising-edge clock clk)
Path Group: asynchronous
Path Type: min

Fanout     Cap    Slew   Delay    Time   Description
-----------------------------------------------------------------------------
                  0.00    0.00    0.00   clock clk (rise edge)
                          0.00    0.00   clock network delay (ideal)
                         80.00   80.00 ^ input external delay
  1475 1031.30    0.00    0.00   80.00 ^ rst_n (in)
                                         rst_n (net)
                  0.00    0.00   80.00 ^ u_accelerator.state[0]$_DFF_PN1_/SETN (DFFASRHQNx1_ASAP7_75t_R)
                                 80.00   data arrival time

                  0.00    0.00    0.00   clock clk (rise edge)
                          0.00    0.00   clock network delay (ideal)
                          0.00    0.00   clock reconvergence pessimism
                                  0.00 ^ u_accelerator.state[0]$_DFF_PN1_/CLK (DFFASRHQNx1_ASAP7_75t_R)
                         25.79   25.79   library removal time
                                 25.79   data required time
-----------------------------------------------------------------------------
                                 25.79   data required time
                                -80.00   data arrival time
-----------------------------------------------------------------------------
                                 54.21   slack (MET)


Startpoint: u_accelerator.u_argmax.stage1_index[0][0]$_DFFE_PP_
            (rising edge-triggered flip-flop clocked by clk)
Endpoint: u_accelerator.u_argmax.stage1_index[0][0]$_DFFE_PP_
          (rising edge-triggered flip-flop clocked by clk)
Path Group: clk
Path Type: min

Fanout     Cap    Slew   Delay    Time   Description
-----------------------------------------------------------------------------
                  0.00    0.00    0.00   clock clk (rise edge)
                          0.00    0.00   clock network delay (ideal)
                  0.00    0.00    0.00 ^ u_accelerator.u_argmax.stage1_index[0][0]$_DFFE_PP_/CLK (DFFHQNx1_ASAP7_75t_R)
     2    1.37   16.95   35.24   35.24 ^ u_accelerator.u_argmax.stage1_index[0][0]$_DFFE_PP_/QN (DFFHQNx1_ASAP7_75t_R)
                                         _000662_ (net)
                 16.95    0.00   35.24 ^ _140451_/A1 (OAI21x1_ASAP7_75t_R)
     1    0.55    5.49    6.80   42.04 v _140451_/Y (OAI21x1_ASAP7_75t_R)
                                         _029487_ (net)
                  5.49    0.00   42.04 v u_accelerator.u_argmax.stage1_index[0][0]$_DFFE_PP_/D (DFFHQNx1_ASAP7_75t_R)
                                 42.04   data arrival time

                  0.00    0.00    0.00   clock clk (rise edge)
                          0.00    0.00   clock network delay (ideal)
                          0.00    0.00   clock reconvergence pessimism
                                  0.00 ^ u_accelerator.u_argmax.stage1_index[0][0]$_DFFE_PP_/CLK (DFFHQNx1_ASAP7_75t_R)
                          8.70    8.70   library hold time
                                  8.70   data required time
-----------------------------------------------------------------------------
                                  8.70   data required time
                                -42.04   data arrival time
-----------------------------------------------------------------------------
                                 33.34   slack (MET)



==========================================================================
Post synthesis report_checks -path_delay max
--------------------------------------------------------------------------
Startpoint: rst_n (input port clocked by clk)
Endpoint: u_accelerator.state[0]$_DFF_PN1_
          (recovery check against rising-edge clock clk)
Path Group: asynchronous
Path Type: max

Fanout     Cap    Slew   Delay    Time   Description
-----------------------------------------------------------------------------
                  0.00    0.00    0.00   clock clk (rise edge)
                          0.00    0.00   clock network delay (ideal)
                         80.00   80.00 ^ input external delay
  1475 1189.95    0.00    0.00   80.00 ^ rst_n (in)
                                         rst_n (net)
                  0.00    0.00   80.00 ^ u_accelerator.state[0]$_DFF_PN1_/SETN (DFFASRHQNx1_ASAP7_75t_R)
                                 80.00   data arrival time

                  0.00  400.00  400.00   clock clk (rise edge)
                          0.00  400.00   clock network delay (ideal)
                          0.00  400.00   clock reconvergence pessimism
                                400.00 ^ u_accelerator.state[0]$_DFF_PN1_/CLK (DFFASRHQNx1_ASAP7_75t_R)
                          6.99  406.99   library recovery time
                                406.99   data required time
-----------------------------------------------------------------------------
                                406.99   data required time
                                -80.00   data arrival time
-----------------------------------------------------------------------------
                                326.99   slack (MET)


Startpoint: u_accelerator.u_core.u_mac.pipe_weight_zero[3]$_DFFE_PN1P_
            (rising edge-triggered flip-flop clocked by clk)
Endpoint: u_accelerator.u_core.u_mac.accumulator[3][10]$_DFFE_PN0P_
          (rising edge-triggered flip-flop clocked by clk)
Path Group: clk
Path Type: max

Fanout     Cap    Slew   Delay    Time   Description
-----------------------------------------------------------------------------
                  0.00    0.00    0.00   clock clk (rise edge)
                          0.00    0.00   clock network delay (ideal)
                  0.00    0.00    0.00 ^ u_accelerator.u_core.u_mac.pipe_weight_zero[3]$_DFFE_PN1P_/CLK (DFFASRHQNx1_ASAP7_75t_R)
     1    0.68   14.13   34.79   34.79 v u_accelerator.u_core.u_mac.pipe_weight_zero[3]$_DFFE_PN1P_/QN (DFFASRHQNx1_ASAP7_75t_R)
                                         _000515_ (net)
                 14.13    0.00   34.79 v _101523_/A (INVx1_ASAP7_75t_R)
     5    3.57   23.99   15.85   50.65 ^ _101523_/Y (INVx1_ASAP7_75t_R)
                                         _048529_ (net)
                 23.99    0.00   50.65 ^ _101524_/A (BUFx2_ASAP7_75t_R)
    10    8.69   28.78   28.20   78.85 ^ _101524_/Y (BUFx2_ASAP7_75t_R)
                                         _048530_ (net)
                 28.78    0.00   78.85 ^ _101525_/A (BUFx2_ASAP7_75t_R)
    10   11.04   35.70   32.30  111.15 ^ _101525_/Y (BUFx2_ASAP7_75t_R)
                                         _048531_ (net)
                 35.70    0.00  111.15 ^ _101535_/B (NOR2x1_ASAP7_75t_R)
     1    1.01   13.50   11.93  123.09 v _101535_/Y (NOR2x1_ASAP7_75t_R)
                                         u_accelerator.u_core.u_mac.g_lane[3].lane_term[4] (net)
                 13.50    0.00  123.09 v _144435_/B (HAxp5_ASAP7_75t_R)
     4    4.43   57.02   53.99  177.08 ^ _144435_/SN (HAxp5_ASAP7_75t_R)
                                         _017574_ (net)
                 57.02    0.00  177.08 ^ _083787_/A (NOR2x1_ASAP7_75t_R)
     4    4.41   35.82   29.57  206.64 v _083787_/Y (NOR2x1_ASAP7_75t_R)
                                         _033431_ (net)
                 35.82    0.00  206.64 v _083788_/A (NAND2x1_ASAP7_75t_R)
     2    2.30   24.93   21.57  228.22 ^ _083788_/Y (NAND2x1_ASAP7_75t_R)
                                         _033432_ (net)
                 24.93    0.00  228.22 ^ _083789_/B (AOI21x1_ASAP7_75t_R)
     2    2.18   18.11   12.88  241.10 v _083789_/Y (AOI21x1_ASAP7_75t_R)
                                         _033433_ (net)
                 18.11    0.00  241.10 v _083797_/A2 (OAI21x1_ASAP7_75t_R)
     3    2.66   22.45   15.74  256.84 ^ _083797_/Y (OAI21x1_ASAP7_75t_R)
                                         _033441_ (net)
                 22.45    0.00  256.84 ^ _083806_/A1 (AO21x1_ASAP7_75t_R)
     1    0.66    7.78   14.67  271.51 ^ _083806_/Y (AO21x1_ASAP7_75t_R)
                                         _033450_ (net)
                  7.78    0.00  271.51 ^ _083807_/A (AND4x1_ASAP7_75t_R)
     1    0.63   10.03   19.30  290.82 ^ _083807_/Y (AND4x1_ASAP7_75t_R)
                                         _033451_ (net)
                 10.03    0.00  290.82 ^ _083808_/B (AO21x1_ASAP7_75t_R)
     1    0.58    7.46   11.42  302.24 ^ _083808_/Y (AO21x1_ASAP7_75t_R)
                                         _033452_ (net)
                  7.46    0.00  302.24 ^ _083809_/A (BUFx2_ASAP7_75t_R)
     4    3.80   14.33   17.21  319.45 ^ _083809_/Y (BUFx2_ASAP7_75t_R)
                                         _014714_ (net)
                 14.33    0.00  319.45 ^ _097163_/A (INVx1_ASAP7_75t_R)
     2    2.02   13.25   10.43  329.87 v _097163_/Y (INVx1_ASAP7_75t_R)
                                         _014711_ (net)
                 13.25    0.00  329.87 v _143297_/B (HAxp5_ASAP7_75t_R)
     1    0.68   19.59   11.56  341.43 ^ _143297_/CON (HAxp5_ASAP7_75t_R)
                                         _014713_ (net)
                 19.59    0.00  341.43 ^ _101654_/A (INVx1_ASAP7_75t_R)
     1    1.28   11.28    9.49  350.92 v _101654_/Y (INVx1_ASAP7_75t_R)
                                         _048646_ (net)
                 11.28    0.00  350.92 v _101655_/C (NAND3x1_ASAP7_75t_R)
     1    1.05   16.82   13.89  364.81 ^ _101655_/Y (NAND3x1_ASAP7_75t_R)
                                         _048647_ (net)
                 16.82    0.00  364.81 ^ _101660_/A (NOR2x1_ASAP7_75t_R)
     1    1.08   12.04   11.11  375.91 v _101660_/Y (NOR2x1_ASAP7_75t_R)
                                         _048652_ (net)
                 12.04    0.00  375.91 v _101661_/B (NAND2x1_ASAP7_75t_R)
     1    1.08   13.38    9.38  385.29 ^ _101661_/Y (NAND2x1_ASAP7_75t_R)
                                         _048653_ (net)
                 13.38    0.00  385.29 ^ _101663_/A2 (OAI21x1_ASAP7_75t_R)
     1    1.00   10.82    8.12  393.41 v _101663_/Y (OAI21x1_ASAP7_75t_R)
                                         _048655_ (net)
                 10.82    0.00  393.41 v _101664_/A (XOR2x2_ASAP7_75t_R)
     1    1.08    8.01   24.51  417.93 ^ _101664_/Y (XOR2x2_ASAP7_75t_R)
                                         _048656_ (net)
                  8.01    0.00  417.93 ^ _101665_/B (NAND2x1_ASAP7_75t_R)
     8    5.10   26.04   14.97  432.90 v _101665_/Y (NAND2x1_ASAP7_75t_R)
                                         _048657_ (net)
                 26.04    0.00  432.90 v _101666_/A (INVx1_ASAP7_75t_R)
     2    1.68   16.62   13.55  446.45 ^ _101666_/Y (INVx1_ASAP7_75t_R)
                                         _048658_ (net)
                 16.62    0.00  446.45 ^ _101667_/A (BUFx2_ASAP7_75t_R)
    10   11.04   35.51   29.69  476.14 ^ _101667_/Y (BUFx2_ASAP7_75t_R)
                                         _048659_ (net)
                 35.51    0.00  476.14 ^ _101710_/B (NOR2x1_ASAP7_75t_R)
     1    1.08   13.82   12.21  488.34 v _101710_/Y (NOR2x1_ASAP7_75t_R)
                                         _048694_ (net)
                 13.82    0.00  488.34 v _101712_/A2 (OAI21x1_ASAP7_75t_R)
     2    2.18   19.20   13.47  501.81 ^ _101712_/Y (OAI21x1_ASAP7_75t_R)
                                         u_accelerator.u_core.u_mac.g_lane[3].product_accumulator[8] (net)
                 19.20    0.00  501.81 ^ _144739_/A (HAxp5_ASAP7_75t_R)
     5    4.97   63.06   59.33  561.14 ^ _144739_/SN (HAxp5_ASAP7_75t_R)
                                         _018249_ (net)
                 63.06    0.00  561.14 ^ _080794_/B (NOR2x1_ASAP7_75t_R)
     4    3.39   30.40   25.19  586.33 v _080794_/Y (NOR2x1_ASAP7_75t_R)
                                         _031250_ (net)
                 30.40    0.00  586.33 v _080795_/A (NAND2x1_ASAP7_75t_R)
     3    2.33   23.77   20.16  606.49 ^ _080795_/Y (NAND2x1_ASAP7_75t_R)
                                         _031251_ (net)
                 23.77    0.00  606.49 ^ _080796_/A (NOR2x1_ASAP7_75t_R)
     1    1.05   13.38   12.45  618.93 v _080796_/Y (NOR2x1_ASAP7_75t_R)
                                         _031252_ (net)
                 13.38    0.00  618.93 v _080808_/A (NAND2x1_ASAP7_75t_R)
     1    1.08   13.03   11.44  630.38 ^ _080808_/Y (NAND2x1_ASAP7_75t_R)
                                         _031263_ (net)
                 13.03    0.00  630.38 ^ _080809_/B (NAND2x1_ASAP7_75t_R)
     3    2.26   14.32   10.50  640.88 v _080809_/Y (NAND2x1_ASAP7_75t_R)
                                         _031264_ (net)
                 14.32    0.00  640.88 v _080812_/A1 (AO21x1_ASAP7_75t_R)
     1    0.61    6.80   16.66  657.54 v _080812_/Y (AO21x1_ASAP7_75t_R)
                                         _031267_ (net)
                  6.80    0.00  657.54 v _080814_/A1 (AO21x1_ASAP7_75t_R)
     2    1.66   11.68   17.55  675.08 v _080814_/Y (AO21x1_ASAP7_75t_R)
                                         _031269_ (net)
                 11.68    0.00  675.08 v _080816_/A (AND2x2_ASAP7_75t_R)
     2    2.18    9.07   18.21  693.29 v _080816_/Y (AND2x2_ASAP7_75t_R)
                                         _031271_ (net)
                  9.07    0.00  693.29 v _080817_/B (NOR2x1_ASAP7_75t_R)
     2    1.29   12.51    8.73  702.03 ^ _080817_/Y (NOR2x1_ASAP7_75t_R)
                                         _031272_ (net)
                 12.51    0.00  702.03 ^ _080818_/A (INVx1_ASAP7_75t_R)
     3    3.25   18.31   12.98  715.01 v _080818_/Y (INVx1_ASAP7_75t_R)
                                         _019302_ (net)
                 18.31    0.00  715.01 v _145205_/A (HAxp5_ASAP7_75t_R)
     1    0.68   18.29   13.92  728.93 ^ _145205_/CON (HAxp5_ASAP7_75t_R)
                                         _019305_ (net)
                 18.29    0.00  728.93 ^ _107001_/A (INVx1_ASAP7_75t_R)
     1    1.28   10.96    9.22  738.15 v _107001_/Y (INVx1_ASAP7_75t_R)
                                         _052871_ (net)
                 10.96    0.00  738.15 v _107002_/C (NAND3x1_ASAP7_75t_R)
     1    1.05   16.76   13.78  751.93 ^ _107002_/Y (NAND3x1_ASAP7_75t_R)
                                         _052872_ (net)
                 16.76    0.00  751.93 ^ _107006_/A (NOR2x1_ASAP7_75t_R)
     1    1.05   11.88   10.99  762.92 v _107006_/Y (NOR2x1_ASAP7_75t_R)
                                         _052876_ (net)
                 11.88    0.00  762.92 v _107011_/A (NAND2x1_ASAP7_75t_R)
     1    1.08   12.67   10.97  773.89 ^ _107011_/Y (NAND2x1_ASAP7_75t_R)
                                         _052881_ (net)
                 12.67    0.00  773.89 ^ _107013_/A2 (OAI21x1_ASAP7_75t_R)
     1    1.00   10.75    8.02  781.91 v _107013_/Y (OAI21x1_ASAP7_75t_R)
                                         _052883_ (net)
                 10.75    0.00  781.91 v _107014_/A (XOR2x2_ASAP7_75t_R)
     1    1.08    8.01   24.50  806.41 ^ _107014_/Y (XOR2x2_ASAP7_75t_R)
                                         _052884_ (net)
                  8.01    0.00  806.41 ^ _107015_/B (NAND2x1_ASAP7_75t_R)
     9    8.76   41.91   22.36  828.77 v _107015_/Y (NAND2x1_ASAP7_75t_R)
                                         _052885_ (net)
                 41.91    0.00  828.77 v _107016_/A (BUFx2_ASAP7_75t_R)
    10   10.90   30.30   35.75  864.52 v _107016_/Y (BUFx2_ASAP7_75t_R)
                                         _052886_ (net)
                 30.30    0.00  864.52 v _107051_/A2 (AOI21x1_ASAP7_75t_R)
     1    1.24   18.87   13.68  878.20 ^ _107051_/Y (AOI21x1_ASAP7_75t_R)
                                         _052915_ (net)
                 18.87    0.00  878.20 ^ _107052_/B (AOI21x1_ASAP7_75t_R)
     2    2.18   21.24   11.74  889.94 v _107052_/Y (AOI21x1_ASAP7_75t_R)
                                         _052916_ (net)
                 21.24    0.00  889.94 v _107054_/A2 (AOI21x1_ASAP7_75t_R)
     1    0.62   12.54   10.42  900.36 ^ _107054_/Y (AOI21x1_ASAP7_75t_R)
                                         _020331_ (net)
                 12.54    0.00  900.36 ^ u_accelerator.u_core.u_mac.accumulator[3][10]$_DFFE_PN0P_/D (DFFASRHQNx1_ASAP7_75t_R)
                                900.36   data arrival time

                  0.00  400.00  400.00   clock clk (rise edge)
                          0.00  400.00   clock network delay (ideal)
                          0.00  400.00   clock reconvergence pessimism
                                400.00 ^ u_accelerator.u_core.u_mac.accumulator[3][10]$_DFFE_PN0P_/CLK (DFFASRHQNx1_ASAP7_75t_R)
                        -15.17  384.83   library setup time
                                384.83   data required time
-----------------------------------------------------------------------------
                                384.83   data required time
                               -900.36   data arrival time
-----------------------------------------------------------------------------
                               -515.53   slack (VIOLATED)



==========================================================================
Post synthesis report_checks -unconstrained
--------------------------------------------------------------------------
Startpoint: rst_n (input port clocked by clk)
Endpoint: u_accelerator.state[0]$_DFF_PN1_
          (recovery check against rising-edge clock clk)
Path Group: asynchronous
Path Type: max

Fanout     Cap    Slew   Delay    Time   Description
-----------------------------------------------------------------------------
                  0.00    0.00    0.00   clock clk (rise edge)
                          0.00    0.00   clock network delay (ideal)
                         80.00   80.00 ^ input external delay
  1475 1189.95    0.00    0.00   80.00 ^ rst_n (in)
                                         rst_n (net)
                  0.00    0.00   80.00 ^ u_accelerator.state[0]$_DFF_PN1_/SETN (DFFASRHQNx1_ASAP7_75t_R)
                                 80.00   data arrival time

                  0.00  400.00  400.00   clock clk (rise edge)
                          0.00  400.00   clock network delay (ideal)
                          0.00  400.00   clock reconvergence pessimism
                                400.00 ^ u_accelerator.state[0]$_DFF_PN1_/CLK (DFFASRHQNx1_ASAP7_75t_R)
                          6.99  406.99   library recovery time
                                406.99   data required time
-----------------------------------------------------------------------------
                                406.99   data required time
                                -80.00   data arrival time
-----------------------------------------------------------------------------
                                326.99   slack (MET)


Startpoint: u_accelerator.u_core.u_mac.pipe_weight_zero[3]$_DFFE_PN1P_
            (rising edge-triggered flip-flop clocked by clk)
Endpoint: u_accelerator.u_core.u_mac.accumulator[3][10]$_DFFE_PN0P_
          (rising edge-triggered flip-flop clocked by clk)
Path Group: clk
Path Type: max

Fanout     Cap    Slew   Delay    Time   Description
-----------------------------------------------------------------------------
                  0.00    0.00    0.00   clock clk (rise edge)
                          0.00    0.00   clock network delay (ideal)
                  0.00    0.00    0.00 ^ u_accelerator.u_core.u_mac.pipe_weight_zero[3]$_DFFE_PN1P_/CLK (DFFASRHQNx1_ASAP7_75t_R)
     1    0.68   14.13   34.79   34.79 v u_accelerator.u_core.u_mac.pipe_weight_zero[3]$_DFFE_PN1P_/QN (DFFASRHQNx1_ASAP7_75t_R)
                                         _000515_ (net)
                 14.13    0.00   34.79 v _101523_/A (INVx1_ASAP7_75t_R)
     5    3.57   23.99   15.85   50.65 ^ _101523_/Y (INVx1_ASAP7_75t_R)
                                         _048529_ (net)
                 23.99    0.00   50.65 ^ _101524_/A (BUFx2_ASAP7_75t_R)
    10    8.69   28.78   28.20   78.85 ^ _101524_/Y (BUFx2_ASAP7_75t_R)
                                         _048530_ (net)
                 28.78    0.00   78.85 ^ _101525_/A (BUFx2_ASAP7_75t_R)
    10   11.04   35.70   32.30  111.15 ^ _101525_/Y (BUFx2_ASAP7_75t_R)
                                         _048531_ (net)
                 35.70    0.00  111.15 ^ _101535_/B (NOR2x1_ASAP7_75t_R)
     1    1.01   13.50   11.93  123.09 v _101535_/Y (NOR2x1_ASAP7_75t_R)
                                         u_accelerator.u_core.u_mac.g_lane[3].lane_term[4] (net)
                 13.50    0.00  123.09 v _144435_/B (HAxp5_ASAP7_75t_R)
     4    4.43   57.02   53.99  177.08 ^ _144435_/SN (HAxp5_ASAP7_75t_R)
                                         _017574_ (net)
                 57.02    0.00  177.08 ^ _083787_/A (NOR2x1_ASAP7_75t_R)
     4    4.41   35.82   29.57  206.64 v _083787_/Y (NOR2x1_ASAP7_75t_R)
                                         _033431_ (net)
                 35.82    0.00  206.64 v _083788_/A (NAND2x1_ASAP7_75t_R)
     2    2.30   24.93   21.57  228.22 ^ _083788_/Y (NAND2x1_ASAP7_75t_R)
                                         _033432_ (net)
                 24.93    0.00  228.22 ^ _083789_/B (AOI21x1_ASAP7_75t_R)
     2    2.18   18.11   12.88  241.10 v _083789_/Y (AOI21x1_ASAP7_75t_R)
                                         _033433_ (net)
                 18.11    0.00  241.10 v _083797_/A2 (OAI21x1_ASAP7_75t_R)
     3    2.66   22.45   15.74  256.84 ^ _083797_/Y (OAI21x1_ASAP7_75t_R)
                                         _033441_ (net)
                 22.45    0.00  256.84 ^ _083806_/A1 (AO21x1_ASAP7_75t_R)
     1    0.66    7.78   14.67  271.51 ^ _083806_/Y (AO21x1_ASAP7_75t_R)
                                         _033450_ (net)
                  7.78    0.00  271.51 ^ _083807_/A (AND4x1_ASAP7_75t_R)
     1    0.63   10.03   19.30  290.82 ^ _083807_/Y (AND4x1_ASAP7_75t_R)
                                         _033451_ (net)
                 10.03    0.00  290.82 ^ _083808_/B (AO21x1_ASAP7_75t_R)
     1    0.58    7.46   11.42  302.24 ^ _083808_/Y (AO21x1_ASAP7_75t_R)
                                         _033452_ (net)
                  7.46    0.00  302.24 ^ _083809_/A (BUFx2_ASAP7_75t_R)
     4    3.80   14.33   17.21  319.45 ^ _083809_/Y (BUFx2_ASAP7_75t_R)
                                         _014714_ (net)
                 14.33    0.00  319.45 ^ _097163_/A (INVx1_ASAP7_75t_R)
     2    2.02   13.25   10.43  329.87 v _097163_/Y (INVx1_ASAP7_75t_R)
                                         _014711_ (net)
                 13.25    0.00  329.87 v _143297_/B (HAxp5_ASAP7_75t_R)
     1    0.68   19.59   11.56  341.43 ^ _143297_/CON (HAxp5_ASAP7_75t_R)
                                         _014713_ (net)
                 19.59    0.00  341.43 ^ _101654_/A (INVx1_ASAP7_75t_R)
     1    1.28   11.28    9.49  350.92 v _101654_/Y (INVx1_ASAP7_75t_R)
                                         _048646_ (net)
                 11.28    0.00  350.92 v _101655_/C (NAND3x1_ASAP7_75t_R)
     1    1.05   16.82   13.89  364.81 ^ _101655_/Y (NAND3x1_ASAP7_75t_R)
                                         _048647_ (net)
                 16.82    0.00  364.81 ^ _101660_/A (NOR2x1_ASAP7_75t_R)
     1    1.08   12.04   11.11  375.91 v _101660_/Y (NOR2x1_ASAP7_75t_R)
                                         _048652_ (net)
                 12.04    0.00  375.91 v _101661_/B (NAND2x1_ASAP7_75t_R)
     1    1.08   13.38    9.38  385.29 ^ _101661_/Y (NAND2x1_ASAP7_75t_R)
                                         _048653_ (net)
                 13.38    0.00  385.29 ^ _101663_/A2 (OAI21x1_ASAP7_75t_R)
     1    1.00   10.82    8.12  393.41 v _101663_/Y (OAI21x1_ASAP7_75t_R)
                                         _048655_ (net)
                 10.82    0.00  393.41 v _101664_/A (XOR2x2_ASAP7_75t_R)
     1    1.08    8.01   24.51  417.93 ^ _101664_/Y (XOR2x2_ASAP7_75t_R)
                                         _048656_ (net)
                  8.01    0.00  417.93 ^ _101665_/B (NAND2x1_ASAP7_75t_R)
     8    5.10   26.04   14.97  432.90 v _101665_/Y (NAND2x1_ASAP7_75t_R)
                                         _048657_ (net)
                 26.04    0.00  432.90 v _101666_/A (INVx1_ASAP7_75t_R)
     2    1.68   16.62   13.55  446.45 ^ _101666_/Y (INVx1_ASAP7_75t_R)
                                         _048658_ (net)
                 16.62    0.00  446.45 ^ _101667_/A (BUFx2_ASAP7_75t_R)
    10   11.04   35.51   29.69  476.14 ^ _101667_/Y (BUFx2_ASAP7_75t_R)
                                         _048659_ (net)
                 35.51    0.00  476.14 ^ _101710_/B (NOR2x1_ASAP7_75t_R)
     1    1.08   13.82   12.21  488.34 v _101710_/Y (NOR2x1_ASAP7_75t_R)
                                         _048694_ (net)
                 13.82    0.00  488.34 v _101712_/A2 (OAI21x1_ASAP7_75t_R)
     2    2.18   19.20   13.47  501.81 ^ _101712_/Y (OAI21x1_ASAP7_75t_R)
                                         u_accelerator.u_core.u_mac.g_lane[3].product_accumulator[8] (net)
                 19.20    0.00  501.81 ^ _144739_/A (HAxp5_ASAP7_75t_R)
     5    4.97   63.06   59.33  561.14 ^ _144739_/SN (HAxp5_ASAP7_75t_R)
                                         _018249_ (net)
                 63.06    0.00  561.14 ^ _080794_/B (NOR2x1_ASAP7_75t_R)
     4    3.39   30.40   25.19  586.33 v _080794_/Y (NOR2x1_ASAP7_75t_R)
                                         _031250_ (net)
                 30.40    0.00  586.33 v _080795_/A (NAND2x1_ASAP7_75t_R)
     3    2.33   23.77   20.16  606.49 ^ _080795_/Y (NAND2x1_ASAP7_75t_R)
                                         _031251_ (net)
                 23.77    0.00  606.49 ^ _080796_/A (NOR2x1_ASAP7_75t_R)
     1    1.05   13.38   12.45  618.93 v _080796_/Y (NOR2x1_ASAP7_75t_R)
                                         _031252_ (net)
                 13.38    0.00  618.93 v _080808_/A (NAND2x1_ASAP7_75t_R)
     1    1.08   13.03   11.44  630.38 ^ _080808_/Y (NAND2x1_ASAP7_75t_R)
                                         _031263_ (net)
                 13.03    0.00  630.38 ^ _080809_/B (NAND2x1_ASAP7_75t_R)
     3    2.26   14.32   10.50  640.88 v _080809_/Y (NAND2x1_ASAP7_75t_R)
                                         _031264_ (net)
                 14.32    0.00  640.88 v _080812_/A1 (AO21x1_ASAP7_75t_R)
     1    0.61    6.80   16.66  657.54 v _080812_/Y (AO21x1_ASAP7_75t_R)
                                         _031267_ (net)
                  6.80    0.00  657.54 v _080814_/A1 (AO21x1_ASAP7_75t_R)
     2    1.66   11.68   17.55  675.08 v _080814_/Y (AO21x1_ASAP7_75t_R)
                                         _031269_ (net)
                 11.68    0.00  675.08 v _080816_/A (AND2x2_ASAP7_75t_R)
     2    2.18    9.07   18.21  693.29 v _080816_/Y (AND2x2_ASAP7_75t_R)
                                         _031271_ (net)
                  9.07    0.00  693.29 v _080817_/B (NOR2x1_ASAP7_75t_R)
     2    1.29   12.51    8.73  702.03 ^ _080817_/Y (NOR2x1_ASAP7_75t_R)
                                         _031272_ (net)
                 12.51    0.00  702.03 ^ _080818_/A (INVx1_ASAP7_75t_R)
     3    3.25   18.31   12.98  715.01 v _080818_/Y (INVx1_ASAP7_75t_R)
                                         _019302_ (net)
                 18.31    0.00  715.01 v _145205_/A (HAxp5_ASAP7_75t_R)
     1    0.68   18.29   13.92  728.93 ^ _145205_/CON (HAxp5_ASAP7_75t_R)
                                         _019305_ (net)
                 18.29    0.00  728.93 ^ _107001_/A (INVx1_ASAP7_75t_R)
     1    1.28   10.96    9.22  738.15 v _107001_/Y (INVx1_ASAP7_75t_R)
                                         _052871_ (net)
                 10.96    0.00  738.15 v _107002_/C (NAND3x1_ASAP7_75t_R)
     1    1.05   16.76   13.78  751.93 ^ _107002_/Y (NAND3x1_ASAP7_75t_R)
                                         _052872_ (net)
                 16.76    0.00  751.93 ^ _107006_/A (NOR2x1_ASAP7_75t_R)
     1    1.05   11.88   10.99  762.92 v _107006_/Y (NOR2x1_ASAP7_75t_R)
                                         _052876_ (net)
                 11.88    0.00  762.92 v _107011_/A (NAND2x1_ASAP7_75t_R)
     1    1.08   12.67   10.97  773.89 ^ _107011_/Y (NAND2x1_ASAP7_75t_R)
                                         _052881_ (net)
                 12.67    0.00  773.89 ^ _107013_/A2 (OAI21x1_ASAP7_75t_R)
     1    1.00   10.75    8.02  781.91 v _107013_/Y (OAI21x1_ASAP7_75t_R)
                                         _052883_ (net)
                 10.75    0.00  781.91 v _107014_/A (XOR2x2_ASAP7_75t_R)
     1    1.08    8.01   24.50  806.41 ^ _107014_/Y (XOR2x2_ASAP7_75t_R)
                                         _052884_ (net)
                  8.01    0.00  806.41 ^ _107015_/B (NAND2x1_ASAP7_75t_R)
     9    8.76   41.91   22.36  828.77 v _107015_/Y (NAND2x1_ASAP7_75t_R)
                                         _052885_ (net)
                 41.91    0.00  828.77 v _107016_/A (BUFx2_ASAP7_75t_R)
    10   10.90   30.30   35.75  864.52 v _107016_/Y (BUFx2_ASAP7_75t_R)
                                         _052886_ (net)
                 30.30    0.00  864.52 v _107051_/A2 (AOI21x1_ASAP7_75t_R)
     1    1.24   18.87   13.68  878.20 ^ _107051_/Y (AOI21x1_ASAP7_75t_R)
                                         _052915_ (net)
                 18.87    0.00  878.20 ^ _107052_/B (AOI21x1_ASAP7_75t_R)
     2    2.18   21.24   11.74  889.94 v _107052_/Y (AOI21x1_ASAP7_75t_R)
                                         _052916_ (net)
                 21.24    0.00  889.94 v _107054_/A2 (AOI21x1_ASAP7_75t_R)
     1    0.62   12.54   10.42  900.36 ^ _107054_/Y (AOI21x1_ASAP7_75t_R)
                                         _020331_ (net)
                 12.54    0.00  900.36 ^ u_accelerator.u_core.u_mac.accumulator[3][10]$_DFFE_PN0P_/D (DFFASRHQNx1_ASAP7_75t_R)
                                900.36   data arrival time

                  0.00  400.00  400.00   clock clk (rise edge)
                          0.00  400.00   clock network delay (ideal)
                          0.00  400.00   clock reconvergence pessimism
                                400.00 ^ u_accelerator.u_core.u_mac.accumulator[3][10]$_DFFE_PN0P_/CLK (DFFASRHQNx1_ASAP7_75t_R)
                        -15.17  384.83   library setup time
                                384.83   data required time
-----------------------------------------------------------------------------
                                384.83   data required time
                               -900.36   data arrival time
-----------------------------------------------------------------------------
                               -515.53   slack (VIOLATED)



==========================================================================
Post synthesis report_power
--------------------------------------------------------------------------
Group                  Internal  Switching    Leakage      Total
                          Power      Power      Power      Power (Watts)
----------------------------------------------------------------
Sequential             3.82e-02   7.33e-05   1.31e-06   3.82e-02  89.4%
Combinational          2.29e-03   2.24e-03   5.18e-06   4.53e-03  10.6%
Clock                  0.00e+00   0.00e+00   0.00e+00   0.00e+00   0.0%
Macro                  0.00e+00   0.00e+00   0.00e+00   0.00e+00   0.0%
Pad                    0.00e+00   0.00e+00   0.00e+00   0.00e+00   0.0%
----------------------------------------------------------------
Total                  4.04e-02   2.31e-03   6.49e-06   4.28e-02 100.0%
                          94.6%       5.4%       0.0%
